Обработка файла: test_01.in
Определитель матрицы:
-1.31718e+08
-----------------------------------
Обработка файла: test_02.in
Определитель матрицы:
-7.77507e+07
-----------------------------------
Обработка файла: test_03.in
Определитель матрицы:
-1.48775e+08
-----------------------------------
Обработка файла: test_04.in
Определитель матрицы:
-6.2424e+07
-----------------------------------
Обработка файла: test_05.in
Определитель матрицы:
-1.25474e+09
-----------------------------------
Обработка файла: test_06.in
Определитель матрицы:
-3.44376e+07
-----------------------------------
Обработка файла: test_07.in
Определитель матрицы:
1.11417e+07
-----------------------------------
Обработка файла: test_08.in
Определитель матрицы:
6.1522e+07
-----------------------------------
Обработка файла: test_09.in
Определитель матрицы:
-8.37366e+07
-----------------------------------
Обработка файла: test_10.in
Определитель матрицы:
-6.71644e+08
-----------------------------------
